Generating 55 orthoimages @ 6.25cm/px

[1/55] Sol 2
  Sol 2: 3,274,280 points, 4 frames
  Self-generated grid: 290x361 @ 0.06 m/px
  Output patch: 290x361 pixels @ 0.06 m/px
  Loaded 4/4 frame textures
  Saved: sol00002_ortho.png (290x361, 6,024 filled pixels, 5.8% coverage)

[2/55] Sol 9
  Sol 9: 85,371 points, 1 frames
  Self-generated grid: 222x233 @ 0.06 m/px
  Output patch: 222x233 pixels @ 0.06 m/px
  Loaded 1/1 frame textures
  Saved: sol00009_ortho.png (222x233, 89 filled pixels, 0.2% coverage)

[3/55] Sol 11
  Sol 11: 46,210,608 points, 54 frames
  Self-generated grid: 7518x6711 @ 0.06 m/px
  Output patch: 7518x6711 pixels @ 0.06 m/px
  Loaded 54/54 frame textures
  Saved: sol00011_ortho.png (7518x6711, 3,231,132 filled pixels, 6.4% coverage)

[4/55] Sol 12
  Sol 12: 1,479,737 points, 3 frames
  Self-generated grid: 300x239 @ 0.06 m/px
  Output patch: 300x239 pixels @ 0.06 m/px
  Loaded 3/3 frame textures
  Saved: sol00012_ortho.png (300x239, 733 filled pixels, 1.0% coverage)

[5/55] Sol 15
  Sol 15: 13,068,395 points, 25 frames
  Self-generated grid: 1787x1689 @ 0.06 m/px
  Output patch: 1787x1689 pixels @ 0.06 m/px
  Loaded 25/25 frame textures
  Saved: sol00015_ortho.png (1787x1689, 422,105 filled pixels, 14.0% coverage)

[6/55] Sol 16
  Sol 16: 1,231,966 points, 2 frames
  Self-generated grid: 235x197 @ 0.06 m/px
  Output patch: 235x197 pixels @ 0.06 m/px
  Loaded 2/2 frame textures
  Saved: sol00016_ortho.png (235x197, 184 filled pixels, 0.4% coverage)

[7/55] Sol 22
  Sol 22: 16,913,042 points, 24 frames
  Self-generated grid: 3979x3512 @ 0.06 m/px
  Output patch: 3979x3512 pixels @ 0.06 m/px
  Loaded 24/24 frame textures
  Saved: sol00022_ortho.png (3979x3512, 1,294,690 filled pixels, 9.3% coverage)

[8/55] Sol 23
  Sol 23: 363,611 points, 6 frames
  Self-generated grid: 304x416 @ 0.06 m/px
  Output patch: 304x416 pixels @ 0.06 m/px
  Loaded 6/6 frame textures
  Saved: sol00023_ortho.png (304x416, 241 filled pixels, 0.2% coverage)

[9/55] Sol 24
  Sol 24: 711,943 points, 4 frames
  Self-generated grid: 2790x1963 @ 0.06 m/px
  Output patch: 2790x1963 pixels @ 0.06 m/px
  Loaded 4/4 frame textures
  Saved: sol00024_ortho.png (2790x1963, 152,100 filled pixels, 2.8% coverage)

[10/55] Sol 26
  Sol 26: 719,281 points, 5 frames
  Self-generated grid: 2713x1957 @ 0.06 m/px
  Output patch: 2713x1957 pixels @ 0.06 m/px
  Loaded 5/5 frame textures
  Saved: sol00026_ortho.png (2713x1957, 121,413 filled pixels, 2.3% coverage)

[11/55] Sol 28
  Sol 28: 2,153,614 points, 3 frames
  Self-generated grid: 272x230 @ 0.06 m/px
  Output patch: 272x230 pixels @ 0.06 m/px
  Loaded 3/3 frame textures
  Saved: sol00028_ortho.png (272x230, 219 filled pixels, 0.4% coverage)

[12/55] Sol 29
  Sol 29: 59,899 points, 13 frames
  Self-generated grid: 1073x1284 @ 0.06 m/px
  Output patch: 1073x1284 pixels @ 0.06 m/px
  Loaded 13/13 frame textures
  Saved: sol00029_ortho.png (1073x1284, 1,296 filled pixels, 0.1% coverage)

[13/55] Sol 30
  Sol 30: 44,714 points, 1 frames
  Self-generated grid: 191x444 @ 0.06 m/px
  Output patch: 191x444 pixels @ 0.06 m/px
  Loaded 1/1 frame textures
  Saved: sol00030_ortho.png (191x444, 24 filled pixels, 0.0% coverage)

[14/55] Sol 31
  Sol 31: 73,315 points, 1 frames
  Self-generated grid: 164x165 @ 0.06 m/px
  Output patch: 164x165 pixels @ 0.06 m/px
  Loaded 1/1 frame textures
  Saved: sol00031_ortho.png (164x165, 16 filled pixels, 0.1% coverage)

[15/55] Sol 33
  Sol 33: 2,669,710 points, 4 frames
  Self-generated grid: 811x1419 @ 0.06 m/px
  Output patch: 811x1419 pixels @ 0.06 m/px
  Loaded 4/4 frame textures
  Saved: sol00033_ortho.png (811x1419, 48,749 filled pixels, 4.2% coverage)

[16/55] Sol 35
  Sol 35: 2,817 points, 6 frames
  Self-generated grid: 185x228 @ 0.06 m/px
  Output patch: 185x228 pixels @ 0.06 m/px
  Loaded 6/6 frame textures
  Saved: sol00035_ortho.png (185x228, 30 filled pixels, 0.1% coverage)

[17/55] Sol 36
  Sol 36: 956,663 points, 3 frames
  Self-generated grid: 3037x2460 @ 0.06 m/px
  Output patch: 3037x2460 pixels @ 0.06 m/px
  Loaded 3/3 frame textures
  Saved: sol00036_ortho.png (3037x2460, 105,008 filled pixels, 1.4% coverage)

[18/55] Sol 37
  Sol 37: 7,006,760 points, 37 frames
  Self-generated grid: 878x2260 @ 0.06 m/px
  Output patch: 878x2260 pixels @ 0.06 m/px
  Loaded 37/37 frame textures
  Saved: sol00037_ortho.png (878x2260, 115,297 filled pixels, 5.8% coverage)

[19/55] Sol 38
  Sol 38: 3,596,805 points, 9 frames
  Self-generated grid: 5542x2756 @ 0.06 m/px
  Output patch: 5542x2756 pixels @ 0.06 m/px
  Loaded 9/9 frame textures
  Saved: sol00038_ortho.png (5542x2756, 425,958 filled pixels, 2.8% coverage)

[20/55] Sol 40
  Sol 40: 138,665 points, 33 frames
  Self-generated grid: 222x194 @ 0.06 m/px
  Output patch: 222x194 pixels @ 0.06 m/px
  Loaded 33/33 frame textures
  Saved: sol00040_ortho.png (222x194, 159 filled pixels, 0.4% coverage)

[21/55] Sol 41
  Sol 41: 53,771 points, 1 frames
  Self-generated grid: 182x232 @ 0.06 m/px
  Output patch: 182x232 pixels @ 0.06 m/px
  Loaded 1/1 frame textures
  Saved: sol00041_ortho.png (182x232, 15 filled pixels, 0.0% coverage)

[22/55] Sol 45
  Sol 45: 36,129,337 points, 56 frames
  Self-generated grid: 521x230 @ 0.06 m/px
  Output patch: 521x230 pixels @ 0.06 m/px
  Loaded 56/56 frame textures
  Saved: sol00045_ortho.png (521x230, 1,477 filled pixels, 1.2% coverage)

[23/55] Sol 46
  Sol 46: 27,424,883 points, 28 frames
  Self-generated grid: 223x242 @ 0.06 m/px
  Output patch: 223x242 pixels @ 0.06 m/px
  Loaded 28/28 frame textures
  Saved: sol00046_ortho.png (223x242, 1,365 filled pixels, 2.5% coverage)

[24/55] Sol 47
  Sol 47: 10,448,441 points, 24 frames
  Self-generated grid: 576x221 @ 0.06 m/px
  Output patch: 576x221 pixels @ 0.06 m/px
  Loaded 24/24 frame textures
  Saved: sol00047_ortho.png (576x221, 1,550 filled pixels, 1.2% coverage)

[25/55] Sol 48
  Sol 48: 8,052,054 points, 12 frames
  Self-generated grid: 3759x1568 @ 0.06 m/px
  Output patch: 3759x1568 pixels @ 0.06 m/px
  Loaded 12/12 frame textures
  Saved: sol00048_ortho.png (3759x1568, 273,867 filled pixels, 4.6% coverage)

[26/55] Sol 50
  Sol 50: 20,261,272 points, 20 frames
  Self-generated grid: 1616x2269 @ 0.06 m/px
  Output patch: 1616x2269 pixels @ 0.06 m/px
  Loaded 20/20 frame textures
  Saved: sol00050_ortho.png (1616x2269, 764,473 filled pixels, 20.8% coverage)

[27/55] Sol 51
  Sol 51: 1,352,078 points, 2 frames
  Self-generated grid: 197x289 @ 0.06 m/px
  Output patch: 197x289 pixels @ 0.06 m/px
  Loaded 2/2 frame textures
  Saved: sol00051_ortho.png (197x289, 398 filled pixels, 0.7% coverage)

[28/55] Sol 53
  Sol 53: 98,035,777 points, 128 frames
  Self-generated grid: 380x333 @ 0.06 m/px
  Output patch: 380x333 pixels @ 0.06 m/px
  Loaded 128/128 frame textures
  Saved: sol00053_ortho.png (380x333, 6,318 filled pixels, 5.0% coverage)

[29/55] Sol 55
  Sol 55: 1,610,322 points, 2 frames
  Self-generated grid: 171x176 @ 0.06 m/px
  Output patch: 171x176 pixels @ 0.06 m/px
  Loaded 2/2 frame textures
  Saved: sol00055_ortho.png (171x176, 102 filled pixels, 0.3% coverage)

[30/55] Sol 56
  Sol 56: 97,977,522 points, 137 frames
  Self-generated grid: 259x278 @ 0.06 m/px
  Output patch: 259x278 pixels @ 0.06 m/px
  Loaded 137/137 frame textures
  Saved: sol00056_ortho.png (259x278, 3,731 filled pixels, 5.2% coverage)

[31/55] Sol 59
  Sol 59: 46,846,550 points, 89 frames
  Self-generated grid: 5813x4242 @ 0.06 m/px
  Output patch: 5813x4242 pixels @ 0.06 m/px
  Loaded 89/89 frame textures
  Saved: sol00059_ortho.png (5813x4242, 2,125,092 filled pixels, 8.6% coverage)

[32/55] Sol 60
  Sol 60: 17,410,128 points, 38 frames
  Self-generated grid: 2454x380 @ 0.06 m/px
  Output patch: 2454x380 pixels @ 0.06 m/px
  Loaded 38/38 frame textures
  Saved: sol00060_ortho.png (2454x380, 97,521 filled pixels, 10.5% coverage)

[33/55] Sol 61
  Sol 61: 2,287,771 points, 4 frames
  Self-generated grid: 4013x913 @ 0.06 m/px
  Output patch: 4013x913 pixels @ 0.06 m/px
  Loaded 4/4 frame textures
  Saved: sol00061_ortho.png (4013x913, 306,509 filled pixels, 8.4% coverage)

[34/55] Sol 62
  Sol 62: 171,017,936 points, 208 frames
  Self-generated grid: 5551x7739 @ 0.06 m/px
  Output patch: 5551x7739 pixels @ 0.06 m/px
  Loaded 208/208 frame textures
  Saved: sol00062_ortho.png (5551x7739, 3,197,561 filled pixels, 7.4% coverage)

[35/55] Sol 63
  Sol 63: 8,124,331 points, 19 frames
  Self-generated grid: 3861x5237 @ 0.06 m/px
  Output patch: 3861x5237 pixels @ 0.06 m/px
  Loaded 19/19 frame textures
  Saved: sol00063_ortho.png (3861x5237, 833,395 filled pixels, 4.1% coverage)

[36/55] Sol 64
  Sol 64: 56,910,902 points, 101 frames
  Self-generated grid: 5666x2296 @ 0.06 m/px
  Output patch: 5666x2296 pixels @ 0.06 m/px
  Loaded 100/101 frame textures
  Saved: sol00064_ortho.png (5666x2296, 502,250 filled pixels, 3.9% coverage)

[37/55] Sol 65
  Sol 65: 4,182,484 points, 6 frames
  Self-generated grid: 2567x3443 @ 0.06 m/px
  Output patch: 2567x3443 pixels @ 0.06 m/px
  Loaded 6/6 frame textures
  Saved: sol00065_ortho.png (2567x3443, 214,160 filled pixels, 2.4% coverage)

[38/55] Sol 66
  Sol 66: 22,373,203 points, 23 frames
  Self-generated grid: 2779x1272 @ 0.06 m/px
  Output patch: 2779x1272 pixels @ 0.06 m/px
  Loaded 23/23 frame textures
  Saved: sol00066_ortho.png (2779x1272, 138,490 filled pixels, 3.9% coverage)

[39/55] Sol 67
  Sol 67: 23,045,851 points, 35 frames
  Self-generated grid: 2781x1178 @ 0.06 m/px
  Output patch: 2781x1178 pixels @ 0.06 m/px
  Loaded 35/35 frame textures
  Saved: sol00067_ortho.png (2781x1178, 108,244 filled pixels, 3.3% coverage)

[40/55] Sol 68
  Sol 68: 1,778,839 points, 10 frames
  Self-generated grid: 4581x4781 @ 0.06 m/px
  Output patch: 4581x4781 pixels @ 0.06 m/px
  Loaded 10/10 frame textures
  Saved: sol00068_ortho.png (4581x4781, 201,167 filled pixels, 0.9% coverage)

[41/55] Sol 71
  Sol 71: 2,321,318 points, 3 frames
  Self-generated grid: 2816x1118 @ 0.06 m/px
  Output patch: 2816x1118 pixels @ 0.06 m/px
  Loaded 3/3 frame textures
  Saved: sol00071_ortho.png (2816x1118, 105,840 filled pixels, 3.4% coverage)

[42/55] Sol 72
  Sol 72: 31,555,475 points, 29 frames
  Self-generated grid: 382x384 @ 0.06 m/px
  Output patch: 382x384 pixels @ 0.06 m/px
  Loaded 29/29 frame textures
  Saved: sol00072_ortho.png (382x384, 5,098 filled pixels, 3.5% coverage)

[43/55] Sol 73
  Sol 73: 1,343,838 points, 2 frames
  Self-generated grid: 2164x1753 @ 0.06 m/px
  Output patch: 2164x1753 pixels @ 0.06 m/px
  Loaded 2/2 frame textures
  Saved: sol00073_ortho.png (2164x1753, 89,557 filled pixels, 2.4% coverage)

[44/55] Sol 74
  Sol 74: 95,489,527 points, 131 frames
  Self-generated grid: 3359x1361 @ 0.06 m/px
  Output patch: 3359x1361 pixels @ 0.06 m/px
  Loaded 131/131 frame textures
  Saved: sol00074_ortho.png (3359x1361, 129,497 filled pixels, 2.8% coverage)

[45/55] Sol 75
  Sol 75: 949,572 points, 2 frames
  Self-generated grid: 3425x1355 @ 0.06 m/px
  Output patch: 3425x1355 pixels @ 0.06 m/px
  Loaded 2/2 frame textures
  Saved: sol00075_ortho.png (3425x1355, 109,159 filled pixels, 2.4% coverage)

[46/55] Sol 76
  Sol 76: 555,343 points, 2 frames
  Self-generated grid: 4397x5411 @ 0.06 m/px
  Output patch: 4397x5411 pixels @ 0.06 m/px
  Loaded 2/2 frame textures
  Saved: sol00076_ortho.png (4397x5411, 126,558 filled pixels, 0.5% coverage)

[47/55] Sol 77
  Sol 77: 23,111 points, 1 frames
  Self-generated grid: 331x388 @ 0.06 m/px
  Output patch: 331x388 pixels @ 0.06 m/px
  Loaded 1/1 frame textures
  Saved: sol00077_ortho.png (331x388, 8,672 filled pixels, 6.8% coverage)

[48/55] Sol 78
  Sol 78: 86,579,206 points, 92 frames
  Self-generated grid: 7590x6127 @ 0.06 m/px
  Output patch: 7590x6127 pixels @ 0.06 m/px
  Loaded 92/92 frame textures
  Saved: sol00078_ortho.png (7590x6127, 3,957,638 filled pixels, 8.5% coverage)

[49/55] Sol 82
  Sol 82: 9,677,641 points, 14 frames
  Self-generated grid: 264x391 @ 0.06 m/px
  Output patch: 264x391 pixels @ 0.06 m/px
  Loaded 14/14 frame textures
  Saved: sol00082_ortho.png (264x391, 1,182 filled pixels, 1.1% coverage)

[50/55] Sol 83
  Sol 83: 2,123,927 points, 7 frames
  Self-generated grid: 3025x2709 @ 0.06 m/px
  Output patch: 3025x2709 pixels @ 0.06 m/px
  Loaded 7/7 frame textures
  Saved: sol00083_ortho.png (3025x2709, 497,460 filled pixels, 6.1% coverage)

[51/55] Sol 84
  Sol 84: 7,848,591 points, 6 frames
  Self-generated grid: 215x209 @ 0.06 m/px
  Output patch: 215x209 pixels @ 0.06 m/px
  Loaded 6/6 frame textures
  Saved: sol00084_ortho.png (215x209, 1,372 filled pixels, 3.1% coverage)

[52/55] Sol 86
  Sol 86: 3,912,869 points, 4 frames
  Self-generated grid: 252x211 @ 0.06 m/px
  Output patch: 252x211 pixels @ 0.06 m/px
  Loaded 4/4 frame textures
  Saved: sol00086_ortho.png (252x211, 346 filled pixels, 0.7% coverage)

[53/55] Sol 87
  Sol 87: 53,883,057 points, 72 frames
  Self-generated grid: 254x245 @ 0.06 m/px
  Output patch: 254x245 pixels @ 0.06 m/px
  Loaded 72/72 frame textures
  Saved: sol00087_ortho.png (254x245, 2,316 filled pixels, 3.7% coverage)

[54/55] Sol 88
  Sol 88: 21,083,098 points, 18 frames
  Self-generated grid: 493x307 @ 0.06 m/px
  Output patch: 493x307 pixels @ 0.06 m/px
  Loaded 18/18 frame textures
  Saved: sol00088_ortho.png (493x307, 12,901 filled pixels, 8.5% coverage)

[55/55] Sol 89
  Sol 89: 19,423,333 points, 16 frames
  Self-generated grid: 6560x3843 @ 0.06 m/px
  Output patch: 6560x3843 pixels @ 0.06 m/px
  Loaded 16/16 frame textures
  Saved: sol00089_ortho.png (6560x3843, 1,582,001 filled pixels, 6.3% coverage)

Done: 55/55 in 18.2min
