[{"stream_name":"stdout","time":14.844507646,"data":"PyTorch: 2.10.0+cpu\n"}
,{"stream_name":"stdout","time":14.844604716,"data":"CUDA available: False\n"}
,{"stream_name":"stdout","time":14.844702636,"data":"\n"}
,{"stream_name":"stdout","time":14.844720756,"data":"============================================================\n"}
,{"stream_name":"stdout","time":14.844725346,"data":"MarsRefSR Experiment: E1_sisr_baseline\n"}
,{"stream_name":"stdout","time":14.844728846,"data":"Model: swinir\n"}
,{"stream_name":"stdout","time":14.844764646,"data":"Device: cpu\n"}
,{"stream_name":"stdout","time":14.844772746,"data":"============================================================\n"}
,{"stream_name":"stdout","time":14.844850856,"data":"\n"}
,{"stream_name":"stdout","time":14.844897126,"data":"Data dir /kaggle/working/marsortho-benchmark not found.\n"}
,{"stream_name":"stdout","time":14.844948326,"data":"Creating synthetic test data for pipeline validation...\n"}
,{"stream_name":"stdout","time":15.155258413,"data":"  Created synthetic data in /kaggle/working/marsortho-benchmark\n"}
,{"stream_name":"stdout","time":15.156168793,"data":"Train: 20 patches, Test: 5 patches\n"}
,{"stream_name":"stdout","time":15.177986584,"data":"  Using SimpleSRBaseline (replace with swinir for full experiment)\n"}
,{"stream_name":"stdout","time":15.178136964,"data":"  Model parameters: 1,185,219\n"}
,{"stream_name":"stdout","time":20.85558933,"data":"  Epoch 1: loss=0.4540\n"}
,{"stream_name":"stdout","time":26.528084165,"data":"  Epoch 2: loss=0.3364\n"}
,{"stream_name":"stdout","time":32.18522129,"data":"  Epoch 3: loss=0.2755\n"}
,{"stream_name":"stdout","time":37.905298148,"data":"  Epoch 4: loss=0.2789\n"}
,{"stream_name":"stdout","time":43.612078745,"data":"  Epoch 5: loss=0.2895\n"}
,{"stream_name":"stdout","time":44.333631195,"data":"  Eval: PSNR=9.36, SSIM=0.0437\n"}
,{"stream_name":"stdout","time":49.930391856,"data":"  Epoch 6: loss=0.2787\n"}
,{"stream_name":"stdout","time":55.632632533,"data":"  Epoch 7: loss=0.2673\n"}
,{"stream_name":"stdout","time":61.327578993,"data":"  Epoch 8: loss=0.2648\n"}
,{"stream_name":"stdout","time":66.939791392,"data":"  Epoch 9: loss=0.2665\n"}
,{"stream_name":"stdout","time":72.832165336,"data":"  Epoch 10: loss=0.2668\n"}
,{"stream_name":"stdout","time":73.54975729,"data":"  Eval: PSNR=10.04, SSIM=0.0387\n"}
,{"stream_name":"stdout","time":79.217633897,"data":"  Epoch 11: loss=0.2647\n"}
,{"stream_name":"stdout","time":84.865326678,"data":"  Epoch 12: loss=0.2622\n"}
,{"stream_name":"stdout","time":90.51631973799999,"data":"  Epoch 13: loss=0.2610\n"}
,{"stream_name":"stdout","time":96.156983761,"data":"  Epoch 14: loss=0.2610\n"}
,{"stream_name":"stdout","time":101.823032688,"data":"  Epoch 15: loss=0.2609\n"}
,{"stream_name":"stdout","time":102.532201124,"data":"  Eval: PSNR=10.28, SSIM=0.0434\n"}
,{"stream_name":"stdout","time":108.135847655,"data":"  Epoch 16: loss=0.2603\n"}
,{"stream_name":"stdout","time":113.815853709,"data":"  Epoch 17: loss=0.2595\n"}
,{"stream_name":"stdout","time":119.501890471,"data":"  Epoch 18: loss=0.2590\n"}
,{"stream_name":"stdout","time":125.230488958,"data":"  Epoch 19: loss=0.2588\n"}
,{"stream_name":"stdout","time":130.876188562,"data":"  Epoch 20: loss=0.2586\n"}
,{"stream_name":"stdout","time":131.597085133,"data":"  Eval: PSNR=10.37, SSIM=0.0429\n"}
,{"stream_name":"stdout","time":137.254743597,"data":"  Epoch 21: loss=0.2584\n"}
,{"stream_name":"stdout","time":142.89603324,"data":"  Epoch 22: loss=0.2581\n"}
,{"stream_name":"stdout","time":148.547440735,"data":"  Epoch 23: loss=0.2578\n"}
,{"stream_name":"stdout","time":154.166523377,"data":"  Epoch 24: loss=0.2576\n"}
,{"stream_name":"stdout","time":159.776950139,"data":"  Epoch 25: loss=0.2574\n"}
,{"stream_name":"stdout","time":160.479810779,"data":"  Eval: PSNR=10.42, SSIM=0.0440\n"}
,{"stream_name":"stdout","time":166.244809928,"data":"  Epoch 26: loss=0.2573\n"}
,{"stream_name":"stdout","time":171.989855306,"data":"  Epoch 27: loss=0.2572\n"}
,{"stream_name":"stdout","time":177.707751183,"data":"  Epoch 28: loss=0.2570\n"}
,{"stream_name":"stdout","time":183.407890789,"data":"  Epoch 29: loss=0.2569\n"}
,{"stream_name":"stdout","time":189.082734094,"data":"  Epoch 30: loss=0.2568\n"}
,{"stream_name":"stdout","time":189.802928725,"data":"  Eval: PSNR=10.45, SSIM=0.0443\n"}
,{"stream_name":"stdout","time":195.502042929,"data":"  Epoch 31: loss=0.2567\n"}
,{"stream_name":"stdout","time":201.308735727,"data":"  Epoch 32: loss=0.2566\n"}
,{"stream_name":"stdout","time":206.961198649,"data":"  Epoch 33: loss=0.2565\n"}
,{"stream_name":"stdout","time":212.677807243,"data":"  Epoch 34: loss=0.2565\n"}
,{"stream_name":"stdout","time":218.333212345,"data":"  Epoch 35: loss=0.2565\n"}
,{"stream_name":"stdout","time":219.026015766,"data":"  Eval: PSNR=10.47, SSIM=0.0446\n"}
,{"stream_name":"stdout","time":224.776649642,"data":"  Epoch 36: loss=0.2564\n"}
,{"stream_name":"stdout","time":230.443650354,"data":"  Epoch 37: loss=0.2563\n"}
,{"stream_name":"stdout","time":236.19748057,"data":"  Epoch 38: loss=0.2563\n"}
,{"stream_name":"stdout","time":241.845681371,"data":"  Epoch 39: loss=0.2562\n"}
,{"stream_name":"stdout","time":247.489838682,"data":"  Epoch 40: loss=0.2562\n"}
,{"stream_name":"stdout","time":248.194161404,"data":"  Eval: PSNR=10.48, SSIM=0.0448\n"}
,{"stream_name":"stdout","time":253.908491728,"data":"  Epoch 41: loss=0.2562\n"}
,{"stream_name":"stdout","time":259.627331633,"data":"  Epoch 42: loss=0.2561\n"}
,{"stream_name":"stdout","time":265.363601711,"data":"  Epoch 43: loss=0.2561\n"}
,{"stream_name":"stdout","time":271.09956551,"data":"  Epoch 44: loss=0.2562\n"}
,{"stream_name":"stdout","time":276.769762635,"data":"  Epoch 45: loss=0.2561\n"}
,{"stream_name":"stdout","time":277.471228457,"data":"  Eval: PSNR=10.48, SSIM=0.0448\n"}
,{"stream_name":"stdout","time":283.150921102,"data":"  Epoch 46: loss=0.2561\n"}
,{"stream_name":"stdout","time":288.774935914,"data":"  Epoch 47: loss=0.2562\n"}
,{"stream_name":"stdout","time":294.45870613,"data":"  Epoch 48: loss=0.2561\n"}
,{"stream_name":"stdout","time":300.118772184,"data":"  Epoch 49: loss=0.2561\n"}
,{"stream_name":"stdout","time":305.776903458,"data":"  Epoch 50: loss=0.2561\n"}
,{"stream_name":"stdout","time":306.46963522,"data":"  Eval: PSNR=10.48, SSIM=0.0449\n"}
,{"stream_name":"stdout","time":306.477502821,"data":"\n"}
,{"stream_name":"stdout","time":306.47763351,"data":"============================================================\n"}
,{"stream_name":"stdout","time":306.47765863,"data":"DONE! Best PSNR: 10.48\n"}
,{"stream_name":"stdout","time":306.47766423,"data":"Time: 4.9 min\n"}
,{"stream_name":"stdout","time":306.477817121,"data":"Results: /kaggle/working/results.json\n"}
,{"stream_name":"stdout","time":306.47783173,"data":"============================================================\n"}
,{"stream_name":"stderr","time":309.459973402,"data":"/usr/local/lib/python3.12/dist-packages/mistune.py:435: SyntaxWarning: invalid escape sequence '\\|'\n"}
,{"stream_name":"stderr","time":309.460021692,"data":"  cells[i][c] = re.sub('\\\\\\\\\\|', '|', cell)\n"}
,{"stream_name":"stderr","time":309.706598367,"data":"/usr/local/lib/python3.12/dist-packages/nbconvert/filters/filter_links.py:36: SyntaxWarning: invalid escape sequence '\\_'\n"}
,{"stream_name":"stderr","time":309.706637667,"data":"  text = re.sub(r'_', '\\_', text) # Escape underscores in display text\n"}
,{"stream_name":"stderr","time":310.303065243,"data":"[NbConvertApp] Converting notebook __script__.ipynb to html\n"}
,{"stream_name":"stderr","time":311.56933944,"data":"[NbConvertApp] Writing 338035 bytes to __results__.html\n"}
]